mode: atomic
tideland.dev/go/toml/config.go:19.26,25.2 1 7
tideland.dev/go/toml/config.go:29.49,32.2 2 3
tideland.dev/go/toml/config.go:37.60,40.2 2 2
tideland.dev/go/toml/config.go:44.49,45.15 1 6
tideland.dev/go/toml/config.go:45.15,48.3 2 4
tideland.dev/go/toml/config.go:49.2,50.10 2 2
tideland.dev/go/toml/config.go:54.32,56.2 1 3
tideland.dev/go/toml/config.go:59.44,61.2 1 3
tideland.dev/go/toml/config.go:64.33,66.2 1 3
tideland.dev/go/toml/config.go:70.35,72.2 1 7
tideland.dev/go/toml/config.go:75.32,77.2 1 2
tideland.dev/go/toml/config.go:80.39,81.18 1 4
tideland.dev/go/toml/config.go:81.18,83.3 1 3
tideland.dev/go/toml/config.go:83.8,85.3 1 1
tideland.dev/go/toml/config.go:89.71,90.39 1 2
tideland.dev/go/toml/config.go:90.39,92.3 1 1
tideland.dev/go/toml/config.go:95.2,95.24 1 1
tideland.dev/go/toml/document.go:27.56,35.19 2 71
tideland.dev/go/toml/document.go:35.19,37.3 1 34
tideland.dev/go/toml/document.go:37.8,38.17 1 37
tideland.dev/go/toml/document.go:38.17,40.4 1 0
tideland.dev/go/toml/document.go:40.9,42.4 1 37
tideland.dev/go/toml/document.go:44.2,44.10 1 71
tideland.dev/go/toml/document.go:48.33,50.2 1 2
tideland.dev/go/toml/document.go:53.39,55.2 1 5
tideland.dev/go/toml/document.go:58.37,60.2 1 1
tideland.dev/go/toml/document.go:63.40,66.2 2 3
tideland.dev/go/toml/document.go:69.35,71.24 2 1
tideland.dev/go/toml/document.go:71.24,73.3 1 2
tideland.dev/go/toml/document.go:74.2,75.13 2 1
tideland.dev/go/toml/document.go:79.39,81.28 2 1
tideland.dev/go/toml/document.go:81.28,83.3 1 2
tideland.dev/go/toml/document.go:84.2,85.14 2 1
tideland.dev/go/toml/document.go:89.58,91.9 2 15
tideland.dev/go/toml/document.go:91.9,93.3 1 2
tideland.dev/go/toml/document.go:94.2,94.17 1 13
tideland.dev/go/toml/document.go:98.63,100.9 2 3
tideland.dev/go/toml/document.go:100.9,102.3 1 1
tideland.dev/go/toml/document.go:103.2,103.17 1 2
tideland.dev/go/toml/document.go:107.57,109.9 2 11
tideland.dev/go/toml/document.go:109.9,111.3 1 0
tideland.dev/go/toml/document.go:112.2,112.19 1 11
tideland.dev/go/toml/document.go:116.53,118.9 2 2
tideland.dev/go/toml/document.go:118.9,120.3 1 0
tideland.dev/go/toml/document.go:121.2,121.16 1 2
tideland.dev/go/toml/document.go:125.57,127.9 2 2
tideland.dev/go/toml/document.go:127.9,129.3 1 1
tideland.dev/go/toml/document.go:130.2,130.18 1 1
tideland.dev/go/toml/document.go:134.53,136.9 2 3
tideland.dev/go/toml/document.go:136.9,138.3 1 1
tideland.dev/go/toml/document.go:139.2,139.17 1 2
tideland.dev/go/toml/document.go:143.58,145.9 2 2
tideland.dev/go/toml/document.go:145.9,147.3 1 1
tideland.dev/go/toml/document.go:148.2,148.17 1 1
tideland.dev/go/toml/document.go:152.55,154.9 2 2
tideland.dev/go/toml/document.go:154.9,156.3 1 1
tideland.dev/go/toml/document.go:157.2,157.18 1 1
tideland.dev/go/toml/document.go:161.54,163.2 1 96
tideland.dev/go/toml/document.go:166.52,170.2 3 28
tideland.dev/go/toml/document.go:173.60,174.37 1 30
tideland.dev/go/toml/document.go:174.37,176.3 1 2
tideland.dev/go/toml/document.go:177.2,177.27 1 28
tideland.dev/go/toml/document.go:181.62,185.2 3 6
tideland.dev/go/toml/document.go:194.45,199.2 1 37
tideland.dev/go/toml/document.go:202.34,204.2 1 1
tideland.dev/go/toml/document.go:207.42,210.2 2 4
tideland.dev/go/toml/document.go:213.36,215.2 1 1
tideland.dev/go/toml/document.go:218.40,220.2 1 1
tideland.dev/go/toml/document.go:223.59,225.2 1 12
tideland.dev/go/toml/document.go:228.64,230.2 1 3
tideland.dev/go/toml/document.go:233.59,235.16 2 12
tideland.dev/go/toml/document.go:235.16,237.3 1 3
tideland.dev/go/toml/document.go:238.2,238.19 1 9
tideland.dev/go/toml/document.go:242.55,244.16 2 7
tideland.dev/go/toml/document.go:244.16,246.3 1 0
tideland.dev/go/toml/document.go:247.2,247.16 1 7
tideland.dev/go/toml/document.go:251.59,253.16 2 4
tideland.dev/go/toml/document.go:253.16,255.3 1 0
tideland.dev/go/toml/document.go:256.2,256.18 1 4
tideland.dev/go/toml/document.go:260.55,262.16 2 1
tideland.dev/go/toml/document.go:262.16,264.3 1 0
tideland.dev/go/toml/document.go:265.2,265.17 1 1
tideland.dev/go/toml/document.go:269.60,271.16 2 6
tideland.dev/go/toml/document.go:271.16,273.3 1 0
tideland.dev/go/toml/document.go:274.2,274.17 1 6
tideland.dev/go/toml/document.go:278.57,280.16 2 5
tideland.dev/go/toml/document.go:280.16,282.3 1 0
tideland.dev/go/toml/document.go:283.2,283.18 1 5
tideland.dev/go/toml/document.go:288.61,289.16 1 39
tideland.dev/go/toml/document.go:289.16,291.3 1 1
tideland.dev/go/toml/document.go:293.2,297.36 3 38
tideland.dev/go/toml/document.go:297.36,301.47 2 14
tideland.dev/go/toml/document.go:301.47,306.4 1 0
tideland.dev/go/toml/document.go:309.3,309.44 1 14
tideland.dev/go/toml/document.go:309.44,311.4 1 13
tideland.dev/go/toml/document.go:311.9,314.4 1 1
tideland.dev/go/toml/document.go:318.2,320.9 3 37
tideland.dev/go/toml/document.go:320.9,323.3 1 3
tideland.dev/go/toml/document.go:325.2,325.15 1 34
tideland.dev/go/toml/errors.go:33.37,34.12 1 13
tideland.dev/go/toml/errors.go:35.15,36.16 1 1
tideland.dev/go/toml/errors.go:37.17,38.18 1 3
tideland.dev/go/toml/errors.go:39.15,40.16 1 1
tideland.dev/go/toml/errors.go:41.19,42.21 1 2
tideland.dev/go/toml/errors.go:43.20,44.21 1 1
tideland.dev/go/toml/errors.go:45.22,46.24 1 1
tideland.dev/go/toml/errors.go:47.13,48.14 1 1
tideland.dev/go/toml/errors.go:49.18,50.19 1 2
tideland.dev/go/toml/errors.go:51.10,52.19 1 1
tideland.dev/go/toml/errors.go:73.37,74.16 1 4
tideland.dev/go/toml/errors.go:74.16,75.19 1 2
tideland.dev/go/toml/errors.go:75.19,78.4 1 1
tideland.dev/go/toml/errors.go:79.3,80.39 1 1
tideland.dev/go/toml/errors.go:82.2,82.18 1 2
tideland.dev/go/toml/errors.go:82.18,85.3 1 1
tideland.dev/go/toml/errors.go:86.2,86.61 1 1
tideland.dev/go/toml/errors.go:90.37,92.2 1 1
tideland.dev/go/toml/errors.go:95.65,101.2 1 25
tideland.dev/go/toml/errors.go:104.79,111.2 1 14
tideland.dev/go/toml/errors.go:114.98,123.2 1 9
tideland.dev/go/toml/lexer.go:51.37,52.12 1 23
tideland.dev/go/toml/lexer.go:53.16,54.15 1 1
tideland.dev/go/toml/lexer.go:55.16,56.15 1 2
tideland.dev/go/toml/lexer.go:57.19,58.18 1 3
tideland.dev/go/toml/lexer.go:59.19,60.18 1 2
tideland.dev/go/toml/lexer.go:61.20,62.19 1 1
tideland.dev/go/toml/lexer.go:63.18,64.17 1 1
tideland.dev/go/toml/lexer.go:65.20,66.19 1 1
tideland.dev/go/toml/lexer.go:67.21,68.20 1 1
tideland.dev/go/toml/lexer.go:69.24,70.23 1 1
tideland.dev/go/toml/lexer.go:71.25,72.24 1 2
tideland.dev/go/toml/lexer.go:73.22,74.21 1 2
tideland.dev/go/toml/lexer.go:75.23,76.22 1 1
tideland.dev/go/toml/lexer.go:77.18,78.17 1 1
tideland.dev/go/toml/lexer.go:79.16,80.15 1 1
tideland.dev/go/toml/lexer.go:81.20,82.19 1 2
tideland.dev/go/toml/lexer.go:83.10,84.19 1 1
tideland.dev/go/toml/lexer.go:97.32,99.2 1 1
tideland.dev/go/toml/lexer.go:110.36,117.2 1 85
tideland.dev/go/toml/lexer.go:120.44,123.15 2 714
tideland.dev/go/toml/lexer.go:123.15,125.3 1 33
tideland.dev/go/toml/lexer.go:128.2,128.21 1 681
tideland.dev/go/toml/lexer.go:128.21,131.3 2 10
tideland.dev/go/toml/lexer.go:134.2,139.12 3 671
tideland.dev/go/toml/lexer.go:140.12,142.75 2 132
tideland.dev/go/toml/lexer.go:143.11,145.73 2 105
tideland.dev/go/toml/lexer.go:146.11,148.78 2 48
tideland.dev/go/toml/lexer.go:149.11,151.79 2 45
tideland.dev/go/toml/lexer.go:152.11,154.76 2 5
tideland.dev/go/toml/lexer.go:155.11,157.77 2 4
tideland.dev/go/toml/lexer.go:158.11,160.72 2 21
tideland.dev/go/toml/lexer.go:161.11,163.70 2 8
tideland.dev/go/toml/lexer.go:167.2,167.29 1 303
tideland.dev/go/toml/lexer.go:167.29,169.3 1 65
tideland.dev/go/toml/lexer.go:172.2,172.39 1 238
tideland.dev/go/toml/lexer.go:172.39,174.3 1 161
tideland.dev/go/toml/lexer.go:177.2,177.44 1 77
tideland.dev/go/toml/lexer.go:177.44,179.33 2 6
tideland.dev/go/toml/lexer.go:179.33,182.4 1 2
tideland.dev/go/toml/lexer.go:183.3,183.33 1 4
tideland.dev/go/toml/lexer.go:186.2,186.25 1 71
tideland.dev/go/toml/lexer.go:186.25,188.3 1 71
tideland.dev/go/toml/lexer.go:190.2,191.57 1 0
tideland.dev/go/toml/lexer.go:195.29,196.15 1 4754
tideland.dev/go/toml/lexer.go:196.15,198.3 1 0
tideland.dev/go/toml/lexer.go:199.2,199.23 1 4754
tideland.dev/go/toml/lexer.go:203.39,205.25 2 33
tideland.dev/go/toml/lexer.go:205.25,207.3 1 1
tideland.dev/go/toml/lexer.go:208.2,208.21 1 32
tideland.dev/go/toml/lexer.go:212.32,213.15 1 2692
tideland.dev/go/toml/lexer.go:213.15,215.3 1 0
tideland.dev/go/toml/lexer.go:216.2,218.16 3 2692
tideland.dev/go/toml/lexer.go:218.16,221.3 2 140
tideland.dev/go/toml/lexer.go:221.8,223.3 1 2552
tideland.dev/go/toml/lexer.go:224.2,224.11 1 2692
tideland.dev/go/toml/lexer.go:228.30,230.2 1 11358
tideland.dev/go/toml/lexer.go:233.34,234.17 1 714
tideland.dev/go/toml/lexer.go:234.17,236.44 2 918
tideland.dev/go/toml/lexer.go:236.44,238.4 1 237
tideland.dev/go/toml/lexer.go:238.9,239.9 1 681
tideland.dev/go/toml/lexer.go:245.31,246.37 1 10
tideland.dev/go/toml/lexer.go:246.37,248.3 1 216
tideland.dev/go/toml/lexer.go:252.58,256.50 2 65
tideland.dev/go/toml/lexer.go:256.50,260.3 3 7
tideland.dev/go/toml/lexer.go:262.2,263.17 2 58
tideland.dev/go/toml/lexer.go:263.17,266.18 2 391
tideland.dev/go/toml/lexer.go:266.18,269.4 2 56
tideland.dev/go/toml/lexer.go:271.3,271.17 1 335
tideland.dev/go/toml/lexer.go:271.17,274.4 1 0
tideland.dev/go/toml/lexer.go:276.3,276.33 1 335
tideland.dev/go/toml/lexer.go:276.33,280.18 3 14
tideland.dev/go/toml/lexer.go:280.18,282.5 1 1
tideland.dev/go/toml/lexer.go:283.4,283.30 1 13
tideland.dev/go/toml/lexer.go:284.9,287.4 2 321
tideland.dev/go/toml/lexer.go:290.2,291.44 1 1
tideland.dev/go/toml/lexer.go:295.79,299.22 2 7
tideland.dev/go/toml/lexer.go:299.22,301.3 1 3
tideland.dev/go/toml/lexer.go:303.2,303.17 1 7
tideland.dev/go/toml/lexer.go:303.17,307.72 2 94
tideland.dev/go/toml/lexer.go:307.72,312.4 4 6
tideland.dev/go/toml/lexer.go:314.3,314.33 1 88
tideland.dev/go/toml/lexer.go:314.33,319.24 2 1
tideland.dev/go/toml/lexer.go:319.24,322.101 2 1
tideland.dev/go/toml/lexer.go:322.101,324.6 1 4
tideland.dev/go/toml/lexer.go:325.5,325.13 1 1
tideland.dev/go/toml/lexer.go:328.4,329.18 2 0
tideland.dev/go/toml/lexer.go:329.18,331.5 1 0
tideland.dev/go/toml/lexer.go:332.4,332.30 1 0
tideland.dev/go/toml/lexer.go:333.9,336.4 2 87
tideland.dev/go/toml/lexer.go:339.2,340.55 1 1
tideland.dev/go/toml/lexer.go:344.59,345.15 1 14
tideland.dev/go/toml/lexer.go:345.15,348.3 1 0
tideland.dev/go/toml/lexer.go:350.2,351.12 2 14
tideland.dev/go/toml/lexer.go:352.11,353.19 1 1
tideland.dev/go/toml/lexer.go:354.11,355.19 1 1
tideland.dev/go/toml/lexer.go:356.11,357.19 1 2
tideland.dev/go/toml/lexer.go:358.11,359.19 1 1
tideland.dev/go/toml/lexer.go:360.11,361.19 1 1
tideland.dev/go/toml/lexer.go:362.11,363.19 1 3
tideland.dev/go/toml/lexer.go:364.12,365.19 1 3
tideland.dev/go/toml/lexer.go:366.16,368.25 1 1
tideland.dev/go/toml/lexer.go:369.10,371.63 1 1
tideland.dev/go/toml/lexer.go:376.64,379.17 2 163
tideland.dev/go/toml/lexer.go:379.17,381.76 2 1059
tideland.dev/go/toml/lexer.go:381.76,384.4 2 910
tideland.dev/go/toml/lexer.go:384.9,385.9 1 149
tideland.dev/go/toml/lexer.go:389.2,392.13 2 163
tideland.dev/go/toml/lexer.go:393.23,394.74 1 12
tideland.dev/go/toml/lexer.go:395.52,396.72 1 6
tideland.dev/go/toml/lexer.go:397.10,398.70 1 145
tideland.dev/go/toml/lexer.go:403.58,409.40 4 75
tideland.dev/go/toml/lexer.go:409.40,411.3 1 4
tideland.dev/go/toml/lexer.go:414.2,414.35 1 75
tideland.dev/go/toml/lexer.go:414.35,416.48 2 7
tideland.dev/go/toml/lexer.go:416.48,420.4 3 6
tideland.dev/go/toml/lexer.go:423.2,423.17 1 69
tideland.dev/go/toml/lexer.go:423.17,426.26 2 255
tideland.dev/go/toml/lexer.go:426.26,429.4 2 186
tideland.dev/go/toml/lexer.go:429.9,429.23 1 69
tideland.dev/go/toml/lexer.go:429.23,432.4 1 2
tideland.dev/go/toml/lexer.go:432.9,432.54 1 67
tideland.dev/go/toml/lexer.go:432.54,436.4 3 11
tideland.dev/go/toml/lexer.go:436.9,436.54 1 56
tideland.dev/go/toml/lexer.go:436.54,441.42 4 2
tideland.dev/go/toml/lexer.go:441.42,443.5 1 1
tideland.dev/go/toml/lexer.go:444.9,444.62 1 54
tideland.dev/go/toml/lexer.go:444.62,447.4 1 8
tideland.dev/go/toml/lexer.go:447.9,448.9 1 46
tideland.dev/go/toml/lexer.go:452.2,454.31 2 61
tideland.dev/go/toml/lexer.go:454.31,456.3 1 11
tideland.dev/go/toml/lexer.go:457.2,457.73 1 50
tideland.dev/go/toml/lexer.go:461.81,465.17 3 6
tideland.dev/go/toml/lexer.go:465.17,467.82 2 40
tideland.dev/go/toml/lexer.go:467.82,470.4 2 38
tideland.dev/go/toml/lexer.go:470.9,470.23 1 2
tideland.dev/go/toml/lexer.go:470.23,473.4 1 0
tideland.dev/go/toml/lexer.go:473.9,474.9 1 2
tideland.dev/go/toml/lexer.go:478.2,478.84 1 6
tideland.dev/go/toml/lexer.go:482.75,486.17 3 8
tideland.dev/go/toml/lexer.go:486.17,488.104 2 111
tideland.dev/go/toml/lexer.go:488.104,491.4 2 107
tideland.dev/go/toml/lexer.go:491.9,492.9 1 4
tideland.dev/go/toml/lexer.go:496.2,496.85 1 8
tideland.dev/go/toml/parser.go:26.55,33.2 3 37
tideland.dev/go/toml/parser.go:36.48,38.16 2 6
tideland.dev/go/toml/parser.go:38.16,40.3 1 1
tideland.dev/go/toml/parser.go:41.2,41.44 1 5
tideland.dev/go/toml/parser.go:45.68,47.34 2 37
tideland.dev/go/toml/parser.go:47.34,49.3 1 5
tideland.dev/go/toml/parser.go:50.2,50.19 1 32
tideland.dev/go/toml/parser.go:54.32,56.33 1 37
tideland.dev/go/toml/parser.go:56.33,58.3 1 0
tideland.dev/go/toml/parser.go:60.2,60.33 1 37
tideland.dev/go/toml/parser.go:60.33,62.37 1 156
tideland.dev/go/toml/parser.go:62.37,63.35 1 26
tideland.dev/go/toml/parser.go:63.35,65.5 1 0
tideland.dev/go/toml/parser.go:66.4,66.12 1 26
tideland.dev/go/toml/parser.go:70.3,70.41 1 130
tideland.dev/go/toml/parser.go:70.41,71.41 1 31
tideland.dev/go/toml/parser.go:71.41,73.5 1 2
tideland.dev/go/toml/parser.go:74.4,74.12 1 29
tideland.dev/go/toml/parser.go:78.3,78.66 1 99
tideland.dev/go/toml/parser.go:78.66,79.44 1 97
tideland.dev/go/toml/parser.go:79.44,81.5 1 1
tideland.dev/go/toml/parser.go:82.4,82.12 1 96
tideland.dev/go/toml/parser.go:85.3,85.69 1 2
tideland.dev/go/toml/parser.go:88.2,88.12 1 32
tideland.dev/go/toml/parser.go:92.31,94.16 2 640
tideland.dev/go/toml/parser.go:94.16,96.3 1 0
tideland.dev/go/toml/parser.go:97.2,98.12 2 640
tideland.dev/go/toml/parser.go:102.47,103.28 1 192
tideland.dev/go/toml/parser.go:103.28,105.3 1 2
tideland.dev/go/toml/parser.go:106.2,106.17 1 190
tideland.dev/go/toml/parser.go:110.41,113.2 1 5
tideland.dev/go/toml/parser.go:116.37,117.51 1 31
tideland.dev/go/toml/parser.go:117.51,119.3 1 0
tideland.dev/go/toml/parser.go:122.2,123.40 2 31
tideland.dev/go/toml/parser.go:123.40,125.34 2 6
tideland.dev/go/toml/parser.go:125.34,127.4 1 0
tideland.dev/go/toml/parser.go:131.2,132.16 2 31
tideland.dev/go/toml/parser.go:132.16,134.3 1 1
tideland.dev/go/toml/parser.go:137.2,137.52 1 30
tideland.dev/go/toml/parser.go:137.52,139.3 1 1
tideland.dev/go/toml/parser.go:140.2,140.13 1 29
tideland.dev/go/toml/parser.go:140.13,141.53 1 6
tideland.dev/go/toml/parser.go:141.53,143.4 1 0
tideland.dev/go/toml/parser.go:147.2,147.36 1 29
tideland.dev/go/toml/parser.go:147.36,148.34 1 29
tideland.dev/go/toml/parser.go:148.34,150.4 1 0
tideland.dev/go/toml/parser.go:154.2,154.13 1 29
tideland.dev/go/toml/parser.go:154.13,156.3 1 6
tideland.dev/go/toml/parser.go:156.8,158.17 2 23
tideland.dev/go/toml/parser.go:158.17,160.4 1 0
tideland.dev/go/toml/parser.go:161.3,161.18 1 23
tideland.dev/go/toml/parser.go:164.2,164.12 1 29
tideland.dev/go/toml/parser.go:168.53,171.6 2 31
tideland.dev/go/toml/parser.go:171.6,172.66 1 35
tideland.dev/go/toml/parser.go:172.66,174.4 1 1
tideland.dev/go/toml/parser.go:176.3,177.34 2 34
tideland.dev/go/toml/parser.go:177.34,179.4 1 0
tideland.dev/go/toml/parser.go:181.3,181.33 1 34
tideland.dev/go/toml/parser.go:181.33,182.35 1 4
tideland.dev/go/toml/parser.go:182.35,184.5 1 0
tideland.dev/go/toml/parser.go:185.4,185.12 1 4
tideland.dev/go/toml/parser.go:188.3,188.8 1 30
tideland.dev/go/toml/parser.go:191.2,191.18 1 30
tideland.dev/go/toml/parser.go:195.67,198.28 2 23
tideland.dev/go/toml/parser.go:198.28,200.3 1 27
tideland.dev/go/toml/parser.go:202.2,202.21 1 23
tideland.dev/go/toml/parser.go:206.63,210.35 2 6
tideland.dev/go/toml/parser.go:210.35,212.3 1 0
tideland.dev/go/toml/parser.go:215.2,216.43 2 6
tideland.dev/go/toml/parser.go:220.40,223.16 2 97
tideland.dev/go/toml/parser.go:223.16,225.3 1 0
tideland.dev/go/toml/parser.go:228.2,228.46 1 97
tideland.dev/go/toml/parser.go:228.46,230.3 1 1
tideland.dev/go/toml/parser.go:233.2,234.16 2 96
tideland.dev/go/toml/parser.go:234.16,236.3 1 0
tideland.dev/go/toml/parser.go:239.2,240.35 2 96
tideland.dev/go/toml/parser.go:240.35,242.3 1 3
tideland.dev/go/toml/parser.go:245.2,249.36 3 96
tideland.dev/go/toml/parser.go:249.36,250.34 1 69
tideland.dev/go/toml/parser.go:250.34,252.4 1 0
tideland.dev/go/toml/parser.go:255.2,255.12 1 96
tideland.dev/go/toml/parser.go:259.47,262.6 2 97
tideland.dev/go/toml/parser.go:262.6,263.66 1 100
tideland.dev/go/toml/parser.go:263.66,265.4 1 0
tideland.dev/go/toml/parser.go:267.3,268.34 2 100
tideland.dev/go/toml/parser.go:268.34,270.4 1 0
tideland.dev/go/toml/parser.go:272.3,272.33 1 100
tideland.dev/go/toml/parser.go:272.33,273.35 1 3
tideland.dev/go/toml/parser.go:273.35,275.5 1 0
tideland.dev/go/toml/parser.go:276.4,276.12 1 3
tideland.dev/go/toml/parser.go:279.3,279.8 1 97
tideland.dev/go/toml/parser.go:282.2,282.18 1 97
tideland.dev/go/toml/parser.go:286.47,287.24 1 126
tideland.dev/go/toml/parser.go:288.19,290.34 2 40
tideland.dev/go/toml/parser.go:290.34,292.4 1 0
tideland.dev/go/toml/parser.go:293.3,293.16 1 40
tideland.dev/go/toml/parser.go:295.20,297.17 2 48
tideland.dev/go/toml/parser.go:297.17,299.4 1 0
tideland.dev/go/toml/parser.go:300.3,300.34 1 48
tideland.dev/go/toml/parser.go:300.34,302.4 1 0
tideland.dev/go/toml/parser.go:303.3,303.33 1 48
tideland.dev/go/toml/parser.go:305.18,307.17 2 9
tideland.dev/go/toml/parser.go:307.17,309.4 1 0
tideland.dev/go/toml/parser.go:310.3,310.34 1 9
tideland.dev/go/toml/parser.go:310.34,312.4 1 0
tideland.dev/go/toml/parser.go:313.3,313.31 1 9
tideland.dev/go/toml/parser.go:315.20,317.34 2 10
tideland.dev/go/toml/parser.go:317.34,319.4 1 0
tideland.dev/go/toml/parser.go:320.3,320.33 1 10
tideland.dev/go/toml/parser.go:322.21,324.17 2 7
tideland.dev/go/toml/parser.go:324.17,326.4 1 0
tideland.dev/go/toml/parser.go:327.3,327.34 1 7
tideland.dev/go/toml/parser.go:327.34,329.4 1 0
tideland.dev/go/toml/parser.go:330.3,330.34 1 7
tideland.dev/go/toml/parser.go:332.24,333.24 1 9
tideland.dev/go/toml/parser.go:335.22,336.30 1 3
tideland.dev/go/toml/parser.go:338.10,339.84 1 0
tideland.dev/go/toml/parser.go:344.56,349.32 2 48
tideland.dev/go/toml/parser.go:349.32,351.3 1 1
tideland.dev/go/toml/parser.go:352.2,352.32 1 47
tideland.dev/go/toml/parser.go:352.32,354.3 1 1
tideland.dev/go/toml/parser.go:355.2,355.32 1 46
tideland.dev/go/toml/parser.go:355.32,357.3 1 1
tideland.dev/go/toml/parser.go:359.2,359.36 1 45
tideland.dev/go/toml/parser.go:363.56,365.11 1 9
tideland.dev/go/toml/parser.go:366.21,367.26 1 1
tideland.dev/go/toml/parser.go:368.14,369.27 1 1
tideland.dev/go/toml/parser.go:370.29,371.25 1 1
tideland.dev/go/toml/parser.go:375.2,377.34 2 6
tideland.dev/go/toml/parser.go:381.61,393.33 2 7
tideland.dev/go/toml/parser.go:393.33,394.50 1 18
tideland.dev/go/toml/parser.go:394.50,396.4 1 7
tideland.dev/go/toml/parser.go:399.2,399.66 1 0
tideland.dev/go/toml/parser.go:403.47,404.51 1 9
tideland.dev/go/toml/parser.go:404.51,406.3 1 0
tideland.dev/go/toml/parser.go:408.2,410.42 2 9
tideland.dev/go/toml/parser.go:410.42,412.37 1 27
tideland.dev/go/toml/parser.go:412.37,413.35 1 1
tideland.dev/go/toml/parser.go:413.35,415.5 1 0
tideland.dev/go/toml/parser.go:416.4,416.12 1 1
tideland.dev/go/toml/parser.go:420.3,421.17 2 26
tideland.dev/go/toml/parser.go:421.17,423.4 1 0
tideland.dev/go/toml/parser.go:426.3,429.35 2 26
tideland.dev/go/toml/parser.go:429.35,430.35 1 18
tideland.dev/go/toml/parser.go:430.35,432.5 1 0
tideland.dev/go/toml/parser.go:436.3,436.38 1 26
tideland.dev/go/toml/parser.go:436.38,437.35 1 3
tideland.dev/go/toml/parser.go:437.35,439.5 1 0
tideland.dev/go/toml/parser.go:443.2,443.52 1 9
tideland.dev/go/toml/parser.go:443.52,445.3 1 0
tideland.dev/go/toml/parser.go:447.2,447.37 1 9
tideland.dev/go/toml/parser.go:451.53,452.49 1 3
tideland.dev/go/toml/parser.go:452.49,454.3 1 0
tideland.dev/go/toml/parser.go:456.2,458.40 2 3
tideland.dev/go/toml/parser.go:458.40,460.66 1 4
tideland.dev/go/toml/parser.go:460.66,462.4 1 0
tideland.dev/go/toml/parser.go:464.3,465.34 2 4
tideland.dev/go/toml/parser.go:465.34,467.4 1 0
tideland.dev/go/toml/parser.go:470.3,470.47 1 4
tideland.dev/go/toml/parser.go:470.47,472.4 1 0
tideland.dev/go/toml/parser.go:475.3,476.17 2 4
tideland.dev/go/toml/parser.go:476.17,478.4 1 0
tideland.dev/go/toml/parser.go:480.3,483.35 2 4
tideland.dev/go/toml/parser.go:483.35,484.35 1 2
tideland.dev/go/toml/parser.go:484.35,486.5 1 0
tideland.dev/go/toml/parser.go:490.2,490.50 1 3
tideland.dev/go/toml/parser.go:490.50,492.3 1 0
tideland.dev/go/toml/parser.go:494.2,494.34 1 3
tideland.dev/go/toml/value.go:34.37,35.12 1 31
tideland.dev/go/toml/value.go:36.18,37.18 1 6
tideland.dev/go/toml/value.go:38.19,39.19 1 4
tideland.dev/go/toml/value.go:40.17,41.17 1 4
tideland.dev/go/toml/value.go:42.19,43.19 1 4
tideland.dev/go/toml/value.go:44.20,45.20 1 4
tideland.dev/go/toml/value.go:46.17,47.17 1 4
tideland.dev/go/toml/value.go:48.17,49.17 1 4
tideland.dev/go/toml/value.go:50.10,51.19 1 1
tideland.dev/go/toml/value.go:62.47,67.2 1 1
tideland.dev/go/toml/value.go:70.38,72.2 1 45
tideland.dev/go/toml/value.go:75.38,77.2 1 51
tideland.dev/go/toml/value.go:80.38,82.2 1 10
tideland.dev/go/toml/value.go:85.37,87.2 1 11
tideland.dev/go/toml/value.go:90.43,92.2 1 8
tideland.dev/go/toml/value.go:95.36,97.2 1 10
tideland.dev/go/toml/value.go:100.48,102.2 1 4
tideland.dev/go/toml/value.go:105.34,107.2 1 8
tideland.dev/go/toml/value.go:110.27,112.2 1 2
tideland.dev/go/toml/value.go:116.42,117.26 1 30
tideland.dev/go/toml/value.go:117.26,119.3 1 6
tideland.dev/go/toml/value.go:120.2,120.28 1 24
tideland.dev/go/toml/value.go:125.38,126.27 1 18
tideland.dev/go/toml/value.go:126.27,128.3 1 6
tideland.dev/go/toml/value.go:129.2,129.27 1 12
tideland.dev/go/toml/value.go:134.42,135.25 1 9
tideland.dev/go/toml/value.go:135.25,137.3 1 3
tideland.dev/go/toml/value.go:138.2,138.29 1 6
tideland.dev/go/toml/value.go:143.38,144.27 1 9
tideland.dev/go/toml/value.go:144.27,146.3 1 5
tideland.dev/go/toml/value.go:147.2,147.26 1 4
tideland.dev/go/toml/value.go:152.43,153.28 1 9
tideland.dev/go/toml/value.go:153.28,155.3 1 1
tideland.dev/go/toml/value.go:156.2,156.31 1 8
tideland.dev/go/toml/value.go:161.40,162.25 1 8
tideland.dev/go/toml/value.go:162.25,164.3 1 1
tideland.dev/go/toml/value.go:165.2,165.27 1 7
tideland.dev/go/toml/value.go:170.52,171.25 1 5
tideland.dev/go/toml/value.go:171.25,173.3 1 1
tideland.dev/go/toml/value.go:174.2,174.39 1 4
